[2026-07-08 22:20:45] API HTTP 401: {"type":"error","error":{"type":"authentication_error","message":"invalid x-api-key"},"request_id":"req_011Ccpaca9FmFxXtZikso6LY"}
[2026-07-08 22:20:45] FAILED: wedding celebrant Ingleburn — API returned HTTP 401. Check your API key and billing.
[2026-07-08 22:28:58] API HTTP 401: {"type":"error","error":{"type":"authentication_error","message":"invalid x-api-key"},"request_id":"req_011CcpbEs5zHTf4bbb7jZuVk"}
[2026-07-08 22:28:58] FAILED: how much does a wedding celebrant cost in Sydney — API returned HTTP 401. Check your API key and billing.
[2026-07-08 22:33:31] API HTTP 401: {"type":"error","error":{"type":"authentication_error","message":"invalid x-api-key"},"request_id":"req_011CcpbazeDFQPjdKV11kPT7"}
[2026-07-08 22:33:31] FAILED: elopement packages South West Sydney — API returned HTTP 401. Check your API key and billing.
[2026-07-09 09:08:29] API HTTP 401: {"type":"error","error":{"type":"authentication_error","message":"invalid x-api-key"},"request_id":"req_011CcqS1RPzhubx3xEgH8X9Y"}
[2026-07-09 09:08:29] FAILED: how to write your own wedding vows — API returned HTTP 401. Check your API key and billing.
[2026-07-10 09:12:30] API HTTP 401: {"type":"error","error":{"type":"authentication_error","message":"invalid x-api-key"},"request_id":"req_011CcsL876v3vcXxXXyF9bg1"}
[2026-07-10 09:12:30] FAILED: getting married after divorce in NSW — API returned HTTP 401. Check your API key and billing.
[2026-07-11 08:59:37] API HTTP 401: {"type":"error","error":{"type":"authentication_error","message":"invalid x-api-key"},"request_id":"req_011CcuCx1D7ypcPUK2D6sgNm"}
[2026-07-11 08:59:37] FAILED: wedding celebrant Liverpool NSW — API returned HTTP 401. Check your API key and billing.
[2026-07-12 08:49:29] API HTTP 401: {"type":"error","error":{"type":"authentication_error","message":"invalid x-api-key"},"request_id":"req_011Ccw5z7zuEL35XdPgxiuTJ"}
[2026-07-12 08:49:29] FAILED: how long should a wedding ceremony be — API returned HTTP 401. Check your API key and billing.
[2026-07-13 08:50:11] API HTTP 401: {"type":"error","error":{"type":"authentication_error","message":"invalid x-api-key"},"request_id":"req_011Ccxyr7Jpdo2n235UKDD1K"}
[2026-07-13 08:50:11] FAILED: changing your name after marriage in NSW — API returned HTTP 401. Check your API key and billing.
[2026-07-14 08:56:03] Nothing to publish (queue empty or all done).
[2026-07-15 08:56:41] Nothing to publish (queue empty or all done).
[2026-07-16 08:58:17] Nothing to publish (queue empty or all done).
[2026-07-17 08:56:44] Nothing to publish (queue empty or all done).
[2026-07-18 08:51:14] Nothing to publish (queue empty or all done).
[2026-07-19 08:50:54] Nothing to publish (queue empty or all done).
[2026-07-20 08:52:49] Nothing to publish (queue empty or all done).
[2026-07-21 09:01:05] Nothing to publish (queue empty or all done).
[2026-07-22 08:57:31] Nothing to publish (queue empty or all done).
[2026-07-23 09:04:15] Nothing to publish (queue empty or all done).
[2026-07-24 08:57:04] Nothing to publish (queue empty or all done).
[2026-07-25 09:01:51] Nothing to publish (queue empty or all done).
[2026-07-26 08:56:00] Nothing to publish (queue empty or all done).
[2026-07-27 08:59:01] Nothing to publish (queue empty or all done).
[2026-07-28 09:02:04] Nothing to publish (queue empty or all done).
[2026-07-29 08:59:38] Nothing to publish (queue empty or all done).
[2026-07-30 08:59:18] Nothing to publish (queue empty or all done).
[2026-07-31 09:07:51] Nothing to publish (queue empty or all done).
[2026-08-01 09:02:06] Nothing to publish (queue empty or all done).
[2026-08-02 08:55:46] Nothing to publish (queue empty or all done).
[2026-08-03 08:57:08] Nothing to publish (queue empty or all done).
[2026-08-04 09:00:54] Nothing to publish (queue empty or all done).
[2026-08-05 09:03:46] Nothing to publish (queue empty or all done).
[2026-08-06 08:59:01] Nothing to publish (queue empty or all done).
[2026-08-07 11:29:59] Nothing to publish (queue empty or all done).
[2026-08-08 08:35:37] Nothing to publish (queue empty or all done).
[2026-08-09 08:29:39] Nothing to publish (queue empty or all done).
[2026-08-10 08:31:07] Nothing to publish (queue empty or all done).
[2026-08-11 08:37:07] Nothing to publish (queue empty or all done).
[2026-08-12 08:41:43] Nothing to publish (queue empty or all done).
[2026-08-13 08:40:40] Nothing to publish (queue empty or all done).
[2026-08-14 08:41:37] Nothing to publish (queue empty or all done).
[2026-08-15 08:22:51] Nothing to publish (queue empty or all done).
[2026-08-16 08:21:30] Nothing to publish (queue empty or all done).
[2026-08-17 08:20:38] Nothing to publish (queue empty or all done).
[2026-08-18 08:24:31] Nothing to publish (queue empty or all done).
[2026-08-19 08:23:37] Nothing to publish (queue empty or all done).
[2026-08-20 08:24:34] Nothing to publish (queue empty or all done).
